// Jest Snapshot v1, https://goo.gl/fbAQLP

exports[`Should render corectly 1`] = `
<div
  className="bucket"
>
  <div
    className="bucket-content"
  >
    <div
      className="bucket-name clearfix"
    />
    <div
      className="notes-container clearfix"
    />
    <AddButton
      className="add-note clearfix"
      handleClick={[Function]}
    />
  </div>
</div>
`;
